[33mÔØ»[39m Building...
[32mÔ£ö[39m Building...
[35mPrerendered 0 static routes.[39m
Application bundle generation failed. [15.573 seconds] - 2026-03-05T03:48:09.438Z

node.exe : 
[1m[33m[33mÔû▓ [43;
33m[[43;30mWARNING[43
;33m][0m [1mNG8113: 
TranslatePipe is not 
used within the 
template of Accessibili
tyWidget[0m 
[1m[35m[plugin 
angular-compiler][0m
En C:\Program 
Files\nodejs\npx.ps1: 
29 Carácter: 3
+   & $NODE_EXE 
$NPX_CLI_JS $args
+   ~~~~~~~~~~~~~~~~~~~
~~~~~~~~~~
    + CategoryInfo     
         : NotSpecifi  
  ed: ([1m[33m[33   
 mÔ...r-compiler][    
0m:String) [], Rem    
oteException
    + FullyQualifiedEr 
   rorId : NativeComm  
  andError
 

    src/app/components/
accessibility-widget/ac
cessibility-widget.ts:1
1:12:
[37m      11 Ôöé   
imports: [[32mTranslat
ePipe[37m, 
FormsModule],
         ÔòÁ           
  
[32m~~~~~~~~~~~~~[0m

[39m[22m
[1m[31m[31mX [41;31
m[[41;97mERROR[41;31m
][0m [1mTS7053: 
Element implicitly has 
an 'any' type because 
expression of type 
'any' can't be used to 
index type 'Record<Appo
intmentType, 
string>'.[0m 
[1m[35m[plugin 
angular-compiler][0m

    src/app/components/
appointment-detail/appo
intment-detail.html:51:
57:
[37m      51 Ôöé 
...w-medium mb-0">{{ [
32mtypeLabels[$any(appo
intment.appointmentType
)][37m ||
         ÔòÁ           
           [32m~~~~~~~
~~~~~~~~~~~~~~~~~~~~~~~
~~~~~~~~~~~~~~~[0m

  Error occurs in the 
template of component 
AppointmentDetailModal.

    src/app/components/
appointment-detail/appo
intment-detail.ts:20:17
:
[37m      20 Ôöé     
templateUrl: [32m'./ap
pointment-detail.html'
[37m,
         ÔòÁ           
       [32m~~~~~~~~~~~
~~~~~~~~~~~~~~~~[0m

[39m[22m
